/workspace/src/main/java/com/example/ssl/SslApplication.java
/workspace/src/main/java/com/example/ssl/cli/ApplicationYamlDefaults.java
/workspace/src/main/java/com/example/ssl/cli/CertificateImport.java
/workspace/src/main/java/com/example/ssl/cli/CertificateRenewer.java
/workspace/src/main/java/com/example/ssl/cli/CheckInstallation.java
/workspace/src/main/java/com/example/ssl/cli/InstallationCertificateGenerator.java
/workspace/src/main/java/com/example/ssl/cli/InstallationRequirements.java
/workspace/src/main/java/com/example/ssl/cli/SetupConfigurator.java
/workspace/src/main/java/com/example/ssl/cli/StandaloneInstallationCheck.java
/workspace/src/main/java/com/example/ssl/crud/ApiExceptionHandler.java
/workspace/src/main/java/com/example/ssl/crud/ResourceNotFoundException.java
/workspace/src/main/java/com/example/ssl/crud/TaskGeneratedApiController.java
/workspace/src/main/java/com/example/ssl/crud/TaskItem.java
/workspace/src/main/java/com/example/ssl/crud/TaskItemRepository.java
/workspace/src/main/java/com/example/ssl/crud/TaskItemService.java
/workspace/src/main/java/com/example/ssl/openapi/OpenApiConfiguration.java
/workspace/src/main/java/com/example/ssl/openapi/OpenApiProperties.java
/workspace/src/main/java/com/example/ssl/web/CertificateRenewalPageController.java
/workspace/src/main/java/com/example/ssl/web/HelloController.java
/workspace/target/generated-sources/openapi/src/main/java/com/example/ssl/openapi/generated/api/ApiUtil.java
/workspace/target/generated-sources/openapi/src/main/java/com/example/ssl/openapi/generated/api/TasksApi.java
/workspace/target/generated-sources/openapi/src/main/java/com/example/ssl/openapi/generated/model/ErrorResponse.java
/workspace/target/generated-sources/openapi/src/main/java/com/example/ssl/openapi/generated/model/TaskItemPayload.java
/workspace/target/generated-sources/openapi/src/main/java/com/example/ssl/openapi/generated/model/TaskItemUpsertPayload.java
